[pixner.net/golftio/main/index-two.html]
[pixner.net/golftio/main/assets/images/favicon.png]
[backblue.gif]
[fade.gif]
[index.html]
[pixner.net/golftio/main/assets/vendor/font-awesome/css/all.min.css]
[pixner.net/golftio/main/assets/vendor/glyphter/css/golftio.css]
[pixner.net/golftio/main/assets/vendor/nice-select/css/nice-select.css]
[pixner.net/golftio/main/assets/vendor/bootstrap/css/bootstrap.min.css]
[pixner.net/golftio/main/assets/vendor/magnific-popup/css/magnific-popup.css]
[pixner.net/golftio/main/assets/vendor/slick/css/slick.css]
[pixner.net/golftio/main/assets/vendor/odometer/css/odometer.css]
[pixner.net/golftio/main/assets/vendor/jquery-ui/jquery-ui.min.css]
[pixner.net/golftio/main/assets/vendor/animate/animate.css]
[pixner.net/golftio/main/index.html]
[pixner.net/golftio/main/assets/css/main.css]
[pixner.net/golftio/main/assets/images/logo.png]
[pixner.net/golftio/main/index-three.html]
[pixner.net/golftio/main/facility.html]
[pixner.net/golftio/main/facility-details.html]
[pixner.net/golftio/main/training.html]
[pixner.net/golftio/main/training-details.html]
[pixner.net/golftio/main/shop.html]
[pixner.net/golftio/main/product-details.html]
[pixner.net/golftio/main/cart.html]
[pixner.net/golftio/main/checkout.html]
[pixner.net/golftio/main/payment-successfull.html]
[pixner.net/golftio/main/about-us.html]
[pixner.net/golftio/main/pricing.html]
[pixner.net/golftio/main/event.html]
[pixner.net/golftio/main/faq.html]
[pixner.net/golftio/main/gallery.html]
[pixner.net/golftio/main/blog.html]
[pixner.net/golftio/main/blog-list.html]
[pixner.net/golftio/main/blog-details.html]
[pixner.net/golftio/main/contact-us.html]
[pixner.net/golftio/main/join-club.html]
[pixner.net/golftio/main/support.html]
[pixner.net/golftio/main/privacy-policy.html]
[pixner.net/golftio/main/404.html]
[pixner.net/golftio/main/sign-in.html]
[pixner.net/golftio/main/sign-up.html]
[pixner.net/golftio/main/assets/images/golf-ball.png]
[pixner.net/golftio/main/assets/images/about-thumb.png]
[pixner.net/golftio/main/assets/images/flag-bg.png]
[pixner.net/golftio/main/assets/images/club-thumb.png]
[pixner.net/golftio/main/assets/images/training/one.png]
[pixner.net/golftio/main/assets/images/training/two.png]
[pixner.net/golftio/main/assets/images/training/three.png]
[pixner.net/golftio/main/assets/images/testimonial/one.png]
[pixner.net/golftio/main/assets/images/testimonial/two.png]
[pixner.net/golftio/main/assets/images/testimonial/three.png]
[pixner.net/golftio/main/assets/images/player-bg.png]
[pixner.net/golftio/main/assets/images/shop/stick.png]
[pixner.net/golftio/main/assets/images/shop/ball.png]
[pixner.net/golftio/main/assets/images/shop/gloves.png]
[pixner.net/golftio/main/assets/images/team/one.png]
[pixner.net/golftio/main/assets/images/team/two.png]
[pixner.net/golftio/main/assets/images/sponsor/one.png]
[pixner.net/golftio/main/assets/images/sponsor/two.png]
[pixner.net/golftio/main/assets/images/sponsor/three.png]
[pixner.net/golftio/main/assets/images/sponsor/four.png]
[pixner.net/golftio/main/assets/images/sponsor/five.png]
[pixner.net/golftio/main/assets/images/sponsor/six.png]
[pixner.net/golftio/main/assets/images/logo-light.png]
[pixner.net/golftio/main/terms-conditions.html]
[pixner.net/cdn-cgi/scripts/5c5dd728/cloudflare-static/email-decode.min.js]
[pixner.net/golftio/main/assets/vendor/jquery/jquery-3.6.3.min.js]
[pixner.net/golftio/main/assets/vendor/bootstrap/js/bootstrap.bundle.min.js]
[pixner.net/golftio/main/assets/vendor/nice-select/js/jquery.nice-select.min.js]
[pixner.net/golftio/main/assets/vendor/magnific-popup/js/jquery.magnific-popup.min.js]
[pixner.net/golftio/main/assets/vendor/slick/js/slick.min.js]
[pixner.net/golftio/main/assets/vendor/odometer/js/odometer.min.js]
[pixner.net/golftio/main/assets/vendor/viewport/viewport.jquery.js]
[pixner.net/golftio/main/assets/vendor/jquery-ui/jquery-ui.min.js]
[pixner.net/golftio/main/assets/vendor/wow/wow.min.js]
[pixner.net/golftio/main/assets/js/plugins.js]
[pixner.net/golftio/main/assets/js/main.js]
[pixner.net/golftio/main/index-two.html]
[pixner.net/golftio/main/assets/vendor/bootstrap/css/bootstrap.min.css]
[pixner.net/golftio/main/assets/vendor/font-awesome/webfonts/fa-brands-400.woff2]
[pixner.net/golftio/main/assets/vendor/font-awesome/webfonts/fa-regular-400.woff2]
[pixner.net/golftio/main/assets/vendor/font-awesome/webfonts/fa-brands-400.ttf]
[pixner.net/golftio/main/assets/vendor/font-awesome/webfonts/fa-regular-400.ttf]
[pixner.net/golftio/main/assets/vendor/font-awesome/webfonts/fa-solid-900.woff2]
[pixner.net/golftio/main/assets/vendor/font-awesome/webfonts/fa-solid-900.ttf]
[pixner.net/golftio/main/assets/vendor/font-awesome/webfonts/fa-v4compatibility.woff2]
[pixner.net/golftio/main/assets/vendor/font-awesome/css/all.min.css]
[pixner.net/golftio/main/assets/vendor/font-awesome/webfonts/fa-v4compatibility.ttf]
[pixner.net/golftio/main/assets/vendor/glyphter/fonts/golftio.eot]
[pixner.net/golftio/main/assets/vendor/glyphter/fonts/golftiod41d.eot]
[pixner.net/golftio/main/assets/vendor/glyphter/fonts/golftio.woff]
[pixner.net/golftio/main/assets/vendor/glyphter/fonts/golftio.ttf]
[pixner.net/golftio/main/assets/vendor/glyphter/css/golftio.css]
[pixner.net/golftio/main/assets/vendor/nice-select/css/nice-select.css]
[pixner.net/golftio/main/assets/vendor/magnific-popup/css/magnific-popup.css]
[pixner.net/golftio/main/assets/vendor/slick/css/slick.css]
[pixner.net/golftio/main/assets/vendor/odometer/css/odometer.css]
[pixner.net/golftio/main/assets/vendor/glyphter/fonts/golftio.svg]
[pixner.net/golftio/main/assets/vendor/jquery-ui/images/ui-icons_444444_256x240.png]
[pixner.net/golftio/main/assets/vendor/jquery-ui/images/ui-icons_555555_256x240.png]
[pixner.net/golftio/main/assets/vendor/jquery-ui/images/ui-icons_ffffff_256x240.png]
[pixner.net/golftio/main/assets/vendor/jquery-ui/images/ui-icons_777620_256x240.png]
[pixner.net/golftio/main/assets/vendor/jquery-ui/images/ui-icons_cc0000_256x240.png]
[pixner.net/golftio/main/assets/vendor/jquery-ui/images/ui-icons_777777_256x240.png]
[pixner.net/golftio/main/assets/vendor/jquery-ui/jquery-ui.min.css]
[pixner.net/golftio/main/assets/vendor/animate/animate.css]
[pixner.net/golftio/main/assets/images/banner/banner-one.png]
[pixner.net/golftio/main/assets/images/banner/banner-two.png]
[pixner.net/golftio/main/assets/images/flag-alt.png]
[pixner.net/golftio/main/assets/images/banner/banner-three.png]
[pixner.net/golftio/main/assets/images/banner/her.png]
[pixner.net/golftio/main/assets/images/dots.png]
[pixner.net/golftio/main/assets/images/grass.png]
[pixner.net/golftio/main/assets/images/ball-bg.png]
[pixner.net/golftio/main/assets/images/join-bg.png]
[pixner.net/golftio/main/assets/images/join-bg-two.png]
[pixner.net/golftio/main/assets/images/join-bg-four.png]
[pixner.net/golftio/main/assets/css/main.css]
[pixner.net/golftio/main/assets/images/about-two-thumb.png]
[pixner.net/golftio/main/assets/images/about-modal.png]
[pixner.net/golftio/main/assets/images/club-thumb-two.png]
[pixner.net/golftio/main/assets/images/event/one.png]
[pixner.net/golftio/main/assets/images/event/two.png]
[pixner.net/golftio/main/assets/images/team/three.png]
[pixner.net/golftio/main/assets/images/team/four.png]
[pixner.net/golftio/main/assets/images/shop/ball-alt.png]
[pixner.net/golftio/main/assets/images/shop/gloves-alt.png]
[pixner.net/golftio/main/index.html]
[pixner.net/golftio/main/assets/images/large-golf-ball.png]
[pixner.net/golftio/main/assets/images/about-three-thumb.png]
[pixner.net/golftio/main/assets/images/training/four.png]
[pixner.net/golftio/main/assets/images/training/five.png]
[pixner.net/golftio/main/assets/images/club-view-thumb.png]
[pixner.net/golftio/main/assets/images/event/seven.png]
[pixner.net/golftio/main/assets/images/event/three.png]
[pixner.net/golftio/main/assets/images/event/five.png]
[pixner.net/golftio/main/assets/images/event/four.png]
[pixner.net/golftio/main/assets/images/join-bg-three.png]
[pixner.net/golftio/main/assets/images/gallery/one.png]
[pixner.net/golftio/main/assets/images/gallery/two.png]
[pixner.net/golftio/main/assets/images/gallery/three.png]
[pixner.net/golftio/main/assets/images/gallery/four.png]
[pixner.net/golftio/main/assets/images/gallery/five.png]
[pixner.net/golftio/main/index-three.html]
[pixner.net/golftio/main/assets/images/facility/one.png]
[pixner.net/golftio/main/assets/images/facility/two.png]
[pixner.net/golftio/main/assets/images/facility/three.png]
[pixner.net/golftio/main/assets/images/facility/four.png]
[pixner.net/golftio/main/assets/images/facility/five.png]
[pixner.net/golftio/main/assets/images/facility/six.png]
[pixner.net/golftio/main/assets/images/facility/seven.png]
[pixner.net/golftio/main/assets/images/facility/eight.png]
[pixner.net/golftio/main/facility.html]
[pixner.net/golftio/main/assets/images/blog/details-thumb.png]
[pixner.net/golftio/main/assets/images/gallery-modal.png]
[pixner.net/golftio/main/facility-details.html]
[pixner.net/golftio/main/assets/images/training/grip.png]
[pixner.net/golftio/main/assets/images/training/shot.png]
[pixner.net/golftio/main/assets/images/training/types.png]
[pixner.net/golftio/main/training.html]
[pixner.net/golftio/main/assets/images/training-thumb.png]
[pixner.net/golftio/main/training-details.html]
[pixner.net/golftio/main/assets/images/shop/cap.png]
[pixner.net/golftio/main/assets/images/shop/drone.png]
[pixner.net/golftio/main/assets/images/shop/stick-alt.png]
[pixner.net/golftio/main/assets/images/shop/mog.png]
[pixner.net/golftio/main/assets/images/shop/shoe.png]
[pixner.net/golftio/main/shop.html]
[pixner.net/golftio/main/assets/images/shop/gloves-large.png]
[pixner.net/golftio/main/assets/images/author.png]
[pixner.net/golftio/main/assets/images/reveiw.png]
[pixner.net/golftio/main/product-details.html]
[pixner.net/golftio/main/assets/images/cart-item.png]
[pixner.net/golftio/main/cart.html]
[pixner.net/golftio/main/checkout.html]
[pixner.net/golftio/main/payment-successfull.html]
[pixner.net/golftio/main/about-us.html]
[pixner.net/golftio/main/pricing.html]
[pixner.net/golftio/main/assets/images/event/ten.png]
[pixner.net/golftio/main/assets/images/event/eleven.png]
[pixner.net/golftio/main/assets/images/event/eight.png]
[pixner.net/golftio/main/assets/images/event/nine.png]
[pixner.net/golftio/main/event.html]
[pixner.net/golftio/main/faq.html]
[pixner.net/golftio/main/assets/images/gallery/six.png]
[pixner.net/golftio/main/assets/images/gallery/seven.png]
[pixner.net/golftio/main/assets/images/gallery/eight.png]
[pixner.net/golftio/main/assets/images/gallery/nine.png]
[pixner.net/golftio/main/assets/images/gallery/ten.png]
[pixner.net/golftio/main/assets/images/gallery/eleven.png]
[pixner.net/golftio/main/gallery.html]
[pixner.net/golftio/main/assets/images/blog/one.png]
[pixner.net/golftio/main/assets/images/blog/two.png]
[pixner.net/golftio/main/assets/images/blog/three.png]
[pixner.net/golftio/main/assets/images/blog/four.png]
[pixner.net/golftio/main/assets/images/blog/five.png]
[pixner.net/golftio/main/assets/images/blog/six.png]
[pixner.net/golftio/main/assets/images/blog/seven.png]
[pixner.net/golftio/main/assets/images/blog/eight.png]
[pixner.net/golftio/main/assets/images/blog/nine.png]
[pixner.net/golftio/main/blog.html]
[pixner.net/golftio/main/blog-list.html]
[pixner.net/golftio/main/assets/images/blog/details-thumb-one.png]
[pixner.net/golftio/main/assets/images/blog/details-thumb-two.png]
[pixner.net/golftio/main/assets/images/blog/details-thumb-three.png]
[pixner.net/golftio/main/assets/images/blog/author-one.png]
[pixner.net/golftio/main/assets/images/blog/author-four.png]
[pixner.net/golftio/main/assets/images/blog/author-two.png]
[pixner.net/golftio/main/assets/images/blog/author-three.png]
[pixner.net/golftio/main/blog-details.html]
[pixner.net/golftio/main/contact-us.html]
[pixner.net/golftio/main/join-club.html]
[pixner.net/golftio/main/support.html]
[pixner.net/golftio/main/privacy-policy.html]
[pixner.net/golftio/main/assets/images/error.png]
[pixner.net/golftio/main/404.html]
[pixner.net/golftio/main/sign-in.html]
[pixner.net/golftio/main/sign-up.html]
[pixner.net/golftio/main/terms-conditions.html]
[pixner.net/golftio/main/assets/vendor/glyphter/fonts/golftio.svg]
[pixner.net/golftio/main/assets/vendor/jquery-ui/images/ui-icons_444444_256x240.html]
[pixner.net/golftio/main/assets/vendor/jquery-ui/images/ui-icons_555555_256x240.html]
[pixner.net/golftio/main/assets/vendor/jquery-ui/images/ui-icons_ffffff_256x240.html]
[pixner.net/golftio/main/assets/vendor/jquery-ui/images/ui-icons_777620_256x240.html]
[pixner.net/golftio/main/assets/vendor/jquery-ui/images/ui-icons_cc0000_256x240.html]
[pixner.net/golftio/main/assets/vendor/jquery-ui/images/ui-icons_777777_256x240.html]
